[www.icme2014.org/index.html]
[backblue.gif]
[fade.gif]
[index.html]
[www.icme2014.org/program-at-a-glance.2926e.delayed]
[www.gstatic.com/sites/p/158cce/system/app/images/apple-touch-icon.png]
[www.icme2014.org/CSI/index.html]
[www.icme2014.org/home/NSF.56fb5.delayed]
[www.gstatic.com/sites/p/158cce/system/js/trog_edit__en.js]
[5d9c5adb-a-62cb3a1a-s-sites.googlegroups.com/site/ieeeicme2014/home/NSF.644d0.delayed]
[www.gstatic.com/sites/p/158cce/system/app/images/cleardot.gif]
[5d9c5adb-a-62cb3a1a-s-sites.googlegroups.com/site/ieeeicme2014/home/NSF44d0.png]
[www.icme2014.org/home.html]
[www.gstatic.com/caja/5678/caja.js]
[www.gstatic.com/sites/p/158cce/system/js/jot_caja.js]
[www.icme2014.org/_/rsrc/1340688868168/config/customLogo0dd8.png]
[www.icme2014.org/_/tz.e.delayed]
[www.icme2014.org/index.html]
[www.icme2014.org/important-dates.html]
[www.icme2014.org/organizing-committee.html]
[www.icme2014.org/CSI/index.html]
[www.icme2014.org/call-for-papers.html]
[www.gstatic.com/sites/p/158cce/system/app/css/codemirror_css.css]
[www.icme2014.org/call-for-workshop-proposals.html]
[www.icme2014.org/call-for-tutorial-proposals.html]
[www.gstatic.com/sites/p/158cce/system/app/css/trogedit.css]
[www.icme2014.org/call-for-special-session-proposals.html]
[www.icme2014.org/call-for-demonstrations.html]
[www.icme2014.org/keynotes.html]
[www.icme2014.org/oral-sessions.html]
[www.icme2014.org/poster-sessions.html]
[www.icme2014.org/special-sessions-1.html]
[www.icme2014.org/site/sites/system/app/images/icon_plusone.f.delayed]
[www.icme2014.org/demo-sessions.html]
[www.icme2014.org/grand-challenge-session.html]
[www.icme2014.org/workshops.html]
[www.icme2014.org/doctoral-consortium.html]
[www.icme2014.org/panel-session.html]
[www.icme2014.org/tutorials.html]
[www.icme2014.org/industry-advisory-committee-iac.html]
[www.icme2014.org/site/sites/system/app/images/plusbadge.10.delayed]
[www.icme2014.org/call-for-industry-program.html]
[www.icme2014.org/call-for-industry-sponsors.html]
[www.icme2014.org/_/rsrc/1403685870000/system/app/css/editor.css]
[www.icme2014.org/grand-challenges.html]
[www.icme2014.org/msr-bing-image-retrieval-challenge.html]
[www.icme2014.org/tencent-multimedia-ads-pctr-challenge.html]
[www.gstatic.com/sites/p/158cce/system/app/css/codeeditor.css]
[www.icme2014.org/call-for-grand-challenges.html]
[www.icme2014.org/huawei-accurate-and-fast-mobile-video-annotation-challenge.html]
[www.icme2014.org/_/rsrc/1403685870000/system/app/css/camelot/editor-jfk.css]
[www.icme2014.org/subject-areas.html]
[www.icme2014.org/isvision-challenge.html]
[www.icme2014.org/special-sessions.html]
[www.icme2014.org/author-guidelines.html]
[www.icme2014.org/home.html]
[www.icme2014.org/paper-submission.html]
[www.gstatic.com/sites/p/158cce/system/app/themes/solitudenavy/standard-css-solitudenavy-ltr-ltr.css]
[www.icme2014.org/rebuttal.html]
[www.icme2014.org/camera-ready-submission-guidelines.html]
[www.icme2014.org/_/rsrc/1403685870000/system/app/css/overlay6de5.css]
[www.icme2014.org/camera-ready-submission.html]
[www.icme2014.org/copyright-submission.html]
[www.icme2014.org/_/rsrc/1403685870000/system/app/css/camelot/allthemes-view.css]
[www.icme2014.org/presentation-guidelines.html]
[www.icme2014.org/registration.html]
[www.icme2014.org/organizing-committee.html]
[www.icme2014.org/travel.html]
[www.icme2014.org/venue-hotels.html]
[www.icme2014.org/food.html]
[www.icme2014.org/important-dates.html]
[www.icme2014.org/city-of-chengdu.html]
[www.icme2014.org/places-of-interest.html]
[www.icme2014.org/visa-information.html]
[www.icme2014.org/chengdu-sightseeing-tours.html]
[www.icme2014.org/sponsors-and-grand-challenge-hosts.html]
[www.icme2014.org/_/rsrc/1400492250673/home/Baiduc115.png]
[www.icme2014.org/ICME2014-call-for-papers.156fb5.delayed]
[www.icme2014.org/_/rsrc/1340687183674/config/sponsors.png]
[www.icme2014.org/_/rsrc/1400492273898/home/NSFC9070.png]
[www.icme2014.org/call-for-papers.html]
[www.icme2014.org/call-for-workshop-proposals.html]
[www.icme2014.org/_/rsrc/1400492267175/home/NSFca9d.png]
[www.icme2014.org/_/rsrc/1400492259553/home/BOCOM90eb.png]
[www.icme2014.org/call-for-tutorial-proposals.html]
[www.icme2014.org/_/rsrc/1400492305025/home/Yahoo270a.png]
[www.icme2014.org/call-for-special-session-proposals.html]
[www.icme2014.org/_/rsrc/1400504874208/home/IBM Research33f1.png]
[www.icme2014.org/_/rsrc/1402318565389/home/msra_logo.png]
[www.icme2014.org/call-for-demonstrations.html]
[www.icme2014.org/_/rsrc/1402488647062/home/Ricoh_lock_up_120402_cs68e89.png]
[www.gstatic.com/sites/p/158cce/system/js/jot_min_view__en.js]
[www.icme2014.org/system/app/pages/reportAbuse.html]
[sites.google.com/site/ieeeicme2014/home/爱奇艺+悦享品质LOGO文件-01.jpg]
[www.icme2014.org/keynotes.html]
[www.icme2014.org/oral-sessions.html]
[ssl.gstatic.com/editor/bubble2_tr.gif]
[www.icme2014.org/poster-sessions.html]
[www.icme2014.org/_/rsrc/1403685870000/system/app/images/toolbar-check.gif]
[www.icme2014.org/_/rsrc/1403685870000/system/app/images/toolbar2.gif]
[www.icme2014.org/_/rsrc/1403685870000/system/app/images/formatblock-menu-icons.gif]
[www.icme2014.org/_/rsrc/1403685870000/system/app/images/icon-help-kennedy.png]
[www.icme2014.org/special-sessions-1.html]
[www.icme2014.org/demo-sessions.html]
[www.icme2014.org/_/rsrc/1403685870000/system/app/images/command.png]
[www.icme2014.org/grand-challenge-session.html]
[ssl.gstatic.com/ui/v1/menu/checkmark-partial.png]
[www.icme2014.org/_/rsrc/1403685870000/system/app/images/camelot.png]
[www.icme2014.org/workshopV1.186fb5.delayed]
[www.icme2014.org/_/rsrc/1391814549442/keynotes/zhang200993a7.jpg]
[www.icme2014.org/workshops.html]
[www.icme2014.org/keynotes/bio_zzhang.html]
[www.icme2014.org/_/rsrc/1398064076897/keynotes/wengao69ec.jpg]
[www.icme2014.org/doctoral-consortium.html]
[www.icme2014.org/_/rsrc/1403197978799/keynotes/Jim Rehg Home Page.png]
[www.icme2014.org/tutorials.html]
[www.icme2014.org/hashing-large-scale-data-with-applications-to-cross-media-analysis.html]
[www.icme2014.org/deep-learning-in-image-and-video-understanding.html]
[www.icme2014.org/panel-session.html]
[www.icme2014.org/social-and-geographic-aware-multimedia-applications-and-technologies.html]
[www.icme2014.org/learning-based-feature-extraction-for-social-media-analysis.html]
[www.icme2014.org/industry-advisory-committee-iac.html]
[www.icme2014.org/a-tutorial-on-nonnegative-matrix-factorisation-with-applications-to-audiovisual-content-analysis.html]
[www.icme2014.org/a-tutorial-on-online-learning-methods-for-multimedia-big-data-analytics.html]
[www.icme2014.org/call-for-industry-program.html]
[www.icme2014.org/call-for-industry-sponsors.html]
[www.icme2014.org/call-for-grand-challenges/Template_for_GrandChallenge.196fb5.delayed]
[www.icme2014.org/call-for-grand-challenges.html]
[www.icme2014.org/grand-challenges.html]
[ssl.gstatic.com/images/icons/gplus-32.png]
[ssl.gstatic.com/images/icons/gplus-64.png]
[ssl.gstatic.com/images/icons/gplus-16.png]
[www.icme2014.org/msr-bing-image-retrieval-challenge/dataset.1a6fb5.delayed]
[5d9c5adb-a-62cb3a1a-s-sites.googlegroups.com/site/ieeeicme2014/msr-bing-image-retrieval-challenge/dataset.1b841f.delayed]
[5d9c5adb-a-62cb3a1a-s-sites.googlegroups.com/site/ieeeicme2014/msr-bing-image-retrieval-challenge/dataset841f.png]
[www.icme2014.org/msr-bing-image-retrieval-challenge/measurements.1e6fb5.delayed]
[www.icme2014.org/_/rsrc/1387180147573/msr-bing-image-retrieval-challenge/dataset9418.png]
[5d9c5adb-a-62cb3a1a-s-sites.googlegroups.com/site/ieeeicme2014/msr-bing-image-retrieval-challenge/measurements.1faa38.delayed]
[5d9c5adb-a-62cb3a1a-s-sites.googlegroups.com/site/ieeeicme2014/msr-bing-image-retrieval-challenge/measurementsaa38.png]
[www.icme2014.org/msr-bing-image-retrieval-challenge.html]
[www.icme2014.org/tencent-multimedia-ads-pctr-challenge.html]
[www.icme2014.org/huawei-accurate-and-fast-mobile-video-annotation-challenge.html]
[www.icme2014.org/isvision-challenge/IndexIntegrity_2.216fb5.delayed]
[5d9c5adb-a-62cb3a1a-s-sites.googlegroups.com/site/ieeeicme2014/isvision-challenge/IndexIntegrity_2.2203d6.delayed]
[www.icme2014.org/_/rsrc/1387180147573/msr-bing-image-retrieval-challenge/measurements.png]
[5d9c5adb-a-62cb3a1a-s-sites.googlegroups.com/site/ieeeicme2014/isvision-challenge/IndexIntegrity_203d6.png]
[www.icme2014.org/isvision-challenge/IndexIntegrity.256fb5.delayed]
[5d9c5adb-a-62cb3a1a-s-sites.googlegroups.com/site/ieeeicme2014/isvision-challenge/IndexIntegrity.26c72f.delayed]
[www.icme2014.org/_/rsrc/1388464959416/isvision-challenge/IndexIntegrity_2ac1f.png]
[5d9c5adb-a-62cb3a1a-s-sites.googlegroups.com/site/ieeeicme2014/isvision-challenge/IndexIntegrityc72f.png]
[www.icme2014.org/isvision-challenge/IndexAccuracy.286fb5.delayed]
[5d9c5adb-a-62cb3a1a-s-sites.googlegroups.com/site/ieeeicme2014/isvision-challenge/IndexAccuracy.291217.delayed]
[5d9c5adb-a-62cb3a1a-s-sites.googlegroups.com/site/ieeeicme2014/isvision-challenge/IndexAccuracy1217.png]
[www.icme2014.org/isvision-challenge.html]
[www.icme2014.org/subject-areas.html]
[www.icme2014.org/special-sessions.html]
[www.icme2014.org/_/rsrc/1388464617563/isvision-challenge/IndexAccuracy0207.png]
[www.icme2014.org/icme2014template.2c6fb5.delayed]
[www.icme2014.org/icme2014template.2d6fb5.delayed]
[www.icme2014.org/icme2014template.tar.2e6fb5.delayed]
[www.icme2014.org/icme2014template.2f6fb5.delayed]
[www.icme2014.org/author-guidelines.html]
[www.icme2014.org/paper-submission/icme2014login.326fb5.delayed]
[5d9c5adb-a-62cb3a1a-s-sites.googlegroups.com/site/ieeeicme2014/paper-submission/icme2014login.33c32e.delayed]
[5d9c5adb-a-62cb3a1a-s-sites.googlegroups.com/site/ieeeicme2014/paper-submission/icme2014loginc32e.png]
[www.icme2014.org/paper-submission.html]
[www.icme2014.org/rebuttal.html]
[www.icme2014.org/icme2014templatecr.356fb5.delayed]
[www.icme2014.org/_/rsrc/1384221105307/paper-submission/icme2014login.png]
[www.icme2014.org/icme2014templatecr.366fb5.delayed]
[www.icme2014.org/icme2014templatecr.tar.376fb5.delayed]
[www.icme2014.org/icme2014templatecr.386fb5.delayed]
[www.icme2014.org/camera-ready-submission-guidelines.html]
[www.icme2014.org/ICME14-AcceptedDemosNoEmail.396fb5.delayed]
[www.icme2014.org/camera-ready-submission.html]
[www.icme2014.org/copyright-submission.html]
[www.icme2014.org/ICME2014PosterSpotlightTemplate.3a9a1b.delayed]
[www.icme2014.org/presentation-guidelines.html]
[www.icme2014.org/InformationforVisaApplicationtotheICME2014.3b6fb5.delayed]
[www.icme2014.org/registration.html]
[www.icme2014.org/venue-hotels/Hotel.3e6fb5.delayed]
[5d9c5adb-a-62cb3a1a-s-sites.googlegroups.com/site/ieeeicme2014/venue-hotels/Hotel.3fcc12.delayed]
[5d9c5adb-a-62cb3a1a-s-sites.googlegroups.com/site/ieeeicme2014/venue-hotels/Hotelcc12.png]
[www.icme2014.org/_/rsrc/1379037536782/venue-hotels/venueb4b1.jpg]
[www.icme2014.org/venue-hotels/Hotel_2.426fb5.delayed]
[5d9c5adb-a-62cb3a1a-s-sites.googlegroups.com/site/ieeeicme2014/venue-hotels/Hotel_2.4388a5.delayed]
[5d9c5adb-a-62cb3a1a-s-sites.googlegroups.com/site/ieeeicme2014/venue-hotels/Hotel_288a5.png]
[www.icme2014.org/venue-hotels.html]
[www.icme2014.org/_/rsrc/1399371844549/venue-hotels/Hotelf773.png]
[www.icme2014.org/_/rsrc/1399371619858/venue-hotels/Hotel_2d631.png]
[www.icme2014.org/travel.html]
[www.icme2014.org/venue-hotels/toJinJiang.jpg]
[www.icme2014.org/venue-hotels/hotels.jpg]
[www.icme2014.org/_/rsrc/1379037973679/venue-hotels/toJinJiang9677.jpg]
[www.icme2014.org/food.html]
[www.icme2014.org/city-of-chengdu/Chengdu.606fb5.delayed]
[www.icme2014.org/_/rsrc/1379038621417/venue-hotels/hotels9677.jpg]
[www.icme2014.org/_/rsrc/1379046184774/food/food_14f59.jpg]
[5d9c5adb-a-62cb3a1a-s-sites.googlegroups.com/site/ieeeicme2014/city-of-chengdu/Chengdu.619bda.delayed]
[www.icme2014.org/_/rsrc/1379046184739/food/food_24f59.jpg]
[www.icme2014.org/_/rsrc/1379046466409/food/food_34f59.jpg]
[www.icme2014.org/_/rsrc/1379046184667/food/food_44f59.jpg]
[www.icme2014.org/_/rsrc/1379046138149/food/food_54f59.jpg]
[5d9c5adb-a-62cb3a1a-s-sites.googlegroups.com/site/ieeeicme2014/city-of-chengdu/Chengdu9bda.jpg]
[www.icme2014.org/_/rsrc/1379046138121/food/food_64f59.jpg]
[www.icme2014.org/_/rsrc/1379046138097/food/food_74f59.jpg]
[www.icme2014.org/_/rsrc/1379046138041/food/food_94f59.jpg]
[www.icme2014.org/city-of-chengdu.html]
[www.icme2014.org/_/rsrc/1379046138014/food/food_104f59.jpg]
[www.icme2014.org/_/rsrc/1379046138069/food/food_84f59.jpg]
[www.icme2014.org/_/rsrc/1379046137989/food/food_114f59.jpg]
[www.icme2014.org/_/rsrc/1379046137964/food/food_124f59.jpg]
[www.icme2014.org/_/rsrc/1379046137938/food/food_134f59.jpg]
[www.icme2014.org/places-of-interest/01_1.646fb5.delayed]
[www.icme2014.org/_/rsrc/1379046137912/food/food_144f59.jpg]
[www.icme2014.org/_/rsrc/1379046137884/food/food_154f59.jpg]
[5d9c5adb-a-62cb3a1a-s-sites.googlegroups.com/site/ieeeicme2014/places-of-interest/01_1.659b0c.delayed]
[www.icme2014.org/_/rsrc/1379046137832/food/food_174f59.jpg]
[www.icme2014.org/_/rsrc/1379046137859/food/food_164f59.jpg]
[www.icme2014.org/_/rsrc/1379046137804/food/food_184f59.jpg]
[www.icme2014.org/_/rsrc/1379046137776/food/food_194f59.jpg]
[5d9c5adb-a-62cb3a1a-s-sites.googlegroups.com/site/ieeeicme2014/places-of-interest/01_19b0c.jpg]
[www.icme2014.org/_/rsrc/1379046486417/food/food_214f59.jpg]
[www.icme2014.org/_/rsrc/1379046137750/food/food_204f59.jpg]
[www.icme2014.org/_/rsrc/1379046137689/food/food_224f59.jpg]
[www.icme2014.org/_/rsrc/1379046137658/food/food_234f59.jpg]
[www.icme2014.org/places-of-interest/02_1.676fb5.delayed]
[www.icme2014.org/_/rsrc/1379046137629/food/food_244f59.jpg]
[5d9c5adb-a-62cb3a1a-s-sites.googlegroups.com/site/ieeeicme2014/places-of-interest/02_1.68db50.delayed]
[www.icme2014.org/_/rsrc/1340770490274/city-of-chengdu/Chengdu427f.jpg]
[www.icme2014.org/_/rsrc/1340771256054/places-of-interest/01_1.jpg]
[5d9c5adb-a-62cb3a1a-s-sites.googlegroups.com/site/ieeeicme2014/places-of-interest/02_1db50.jpg]
[www.icme2014.org/_/rsrc/1340771341357/places-of-interest/02_1.jpg]
[www.icme2014.org/places-of-interest/03.6a6fb5.delayed]
[5d9c5adb-a-62cb3a1a-s-sites.googlegroups.com/site/ieeeicme2014/places-of-interest/03.6b6652.delayed]
[5d9c5adb-a-62cb3a1a-s-sites.googlegroups.com/site/ieeeicme2014/places-of-interest/036652.jpg]
[www.icme2014.org/places-of-interest/04_1.6d6fb5.delayed]
[5d9c5adb-a-62cb3a1a-s-sites.googlegroups.com/site/ieeeicme2014/places-of-interest/04_1.6ed1b7.delayed]
[www.icme2014.org/_/rsrc/1340771592152/places-of-interest/03.jpg]
[5d9c5adb-a-62cb3a1a-s-sites.googlegroups.com/site/ieeeicme2014/places-of-interest/04_1d1b7.jpg]
[www.icme2014.org/_/rsrc/1340771643638/places-of-interest/04_1.jpg]
[www.icme2014.org/places-of-interest/05_1.706fb5.delayed]
[5d9c5adb-a-62cb3a1a-s-sites.googlegroups.com/site/ieeeicme2014/places-of-interest/05_1.716061.delayed]
[5d9c5adb-a-62cb3a1a-s-sites.googlegroups.com/site/ieeeicme2014/places-of-interest/05_16061.jpg]
[www.icme2014.org/places-of-interest/06_1.736fb5.delayed]
[www.icme2014.org/_/rsrc/1340771723938/places-of-interest/05_1.jpg]
[5d9c5adb-a-62cb3a1a-s-sites.googlegroups.com/site/ieeeicme2014/places-of-interest/06_1.740447.delayed]
[5d9c5adb-a-62cb3a1a-s-sites.googlegroups.com/site/ieeeicme2014/places-of-interest/06_10447.jpg]
[www.icme2014.org/_/rsrc/1340771775543/places-of-interest/06_1.jpg]
[www.icme2014.org/places-of-interest/07_1.766fb5.delayed]
[5d9c5adb-a-62cb3a1a-s-sites.googlegroups.com/site/ieeeicme2014/places-of-interest/07_1.7728d0.delayed]
[5d9c5adb-a-62cb3a1a-s-sites.googlegroups.com/site/ieeeicme2014/places-of-interest/07_128d0.jpg]
[www.icme2014.org/places-of-interest.html]
[www.icme2014.org/visa-information.html]
[www.icme2014.org/_/rsrc/1340771816750/places-of-interest/07_1.jpg]
[www.icme2014.org/_/rsrc/1390730082447/chengdu-sightseeing-tours/Dufu81da.jpg]
[www.icme2014.org/chengdu-sightseeing-tours/Paradise for Gourmets.7e6fb5.delayed]
[www.icme2014.org/_/rsrc/1390730468222/chengdu-sightseeing-tours/Jinsha Site Museum-Sichuan Museum2eff.jpg]
[5d9c5adb-a-62cb3a1a-s-sites.googlegroups.com/site/ieeeicme2014/chengdu-sightseeing-tours/Paradise for Gourmets.7fd2e8.delayed]
[www.icme2014.org/_/rsrc/1390731216917/chengdu-sightseeing-tours/Sanxingdui Museum9c4f.jpg]
[www.icme2014.org/_/rsrc/1390730942152/chengdu-sightseeing-tours/Panda.png]
[5d9c5adb-a-62cb3a1a-s-sites.googlegroups.com/site/ieeeicme2014/chengdu-sightseeing-tours/Paradise for Gourmetsd2e8.jpg]
[www.icme2014.org/chengdu-sightseeing-tours.html]
[www.icme2014.org/_/rsrc/1390731493688/chengdu-sightseeing-tours/Taste in Pi Countya7d9.jpg]
[www.icme2014.org/_/rsrc/1390731778017/chengdu-sightseeing-tours/Paradise for Gourmetsfa18.jpg]
[www.icme2014.org/_/rsrc/1390731964707/chengdu-sightseeing-tours/Dujiangyand985.jpg]
[www.icme2014.org/_/rsrc/1390732165551/chengdu-sightseeing-tours/China Lanef737.jpg]
[www.icme2014.org/sponsors-and-grand-challenge-hosts.html]
[www.icme2014.org/_/rsrc/1398100934442/sponsors-and-grand-challenge-hosts/baiduc14e.png]
[www.icme2014.org/_/rsrc/1398101298184/sponsors-and-grand-challenge-hosts/800px-IBM_logo.svg1076.png]
[www.icme2014.org/_/rsrc/1398101020617/sponsors-and-grand-challenge-hosts/Yahoo_Logo_Purple98b6.png]
[www.icme2014.org/system/app/pages/reportAbuse.html]
[www.icme2014.org/_/rsrc/1398101199297/sponsors-and-grand-challenge-hosts/microsoft-logof190.png]
[www.icme2014.org/_/tz.html]
[www.icme2014.org/site/sites/system/app/images/icon_plusone.html]
[www.icme2014.org/_/rsrc/1398101731860/sponsors-and-grand-challenge-hosts/银晨科技LOGO300DPI2125.jpg]
[www.icme2014.org/site/sites/system/app/images/plusbadge.html]
[www.gstatic.com/sites/p/158cce/system/js/jot_min__en.js]
[www.icme2014.org/_/rsrc/1398101839649/sponsors-and-grand-challenge-hosts/Tencent_Logo7ab7.png]
[www.icme2014.org/_/rsrc/1398101908540/sponsors-and-grand-challenge-hosts/HW_POS_RGB_Horizontalb096.jpg]
[www.icme2014.org/keynotes/bio_zzhang.html]
[www.icme2014.org/hashing-large-scale-data-with-applications-to-cross-media-analysis/Dr. Wei Liu.8b6fb5.delayed]
[www.icme2014.org/keynotes/CSI/index.html]
[5d9c5adb-a-62cb3a1a-s-sites.googlegroups.com/site/ieeeicme2014/hashing-large-scale-data-with-applications-to-cross-media-analysis/Dr. Wei Liu.8c4ac3.delayed]
[5d9c5adb-a-62cb3a1a-s-sites.googlegroups.com/site/ieeeicme2014/hashing-large-scale-data-with-applications-to-cross-media-analysis/Dr. Wei Liu4ac3.png]
[www.icme2014.org/hashing-large-scale-data-with-applications-to-cross-media-analysis/Dr. Fei Wu.8f6fb5.delayed]
[5d9c5adb-a-62cb3a1a-s-sites.googlegroups.com/site/ieeeicme2014/hashing-large-scale-data-with-applications-to-cross-media-analysis/Dr. Fei Wu.908af3.delayed]
[www.icme2014.org/_/rsrc/1397707888306/hashing-large-scale-data-with-applications-to-cross-media-analysis/Dr. Wei Liu181f.png]
[5d9c5adb-a-62cb3a1a-s-sites.googlegroups.com/site/ieeeicme2014/hashing-large-scale-data-with-applications-to-cross-media-analysis/Dr. Fei Wu8af3.png]
[www.icme2014.org/hashing-large-scale-data-with-applications-to-cross-media-analysis.html]
[www.icme2014.org/_/rsrc/1397707888306/hashing-large-scale-data-with-applications-to-cross-media-analysis/Dr. Fei Wuf852.png]
[www.icme2014.org/deep-learning-in-image-and-video-understanding/Xiaogang Wang.936fb5.delayed]
[5d9c5adb-a-62cb3a1a-s-sites.googlegroups.com/site/ieeeicme2014/deep-learning-in-image-and-video-understanding/Xiaogang Wang.94d935.delayed]
[5d9c5adb-a-62cb3a1a-s-sites.googlegroups.com/site/ieeeicme2014/deep-learning-in-image-and-video-understanding/Xiaogang Wangd935.png]
[www.icme2014.org/_/rsrc/1397707948495/deep-learning-in-image-and-video-understanding/Xiaogang Wang.png]
[www.icme2014.org/deep-learning-in-image-and-video-understanding/Wangli, Ouyang.966fb5.delayed]
[5d9c5adb-a-62cb3a1a-s-sites.googlegroups.com/site/ieeeicme2014/deep-learning-in-image-and-video-understanding/Wangli, Ouyang.971a18.delayed]
[5d9c5adb-a-62cb3a1a-s-sites.googlegroups.com/site/ieeeicme2014/deep-learning-in-image-and-video-understanding/Wangli, Ouyang1a18.png]
[www.icme2014.org/deep-learning-in-image-and-video-understanding.html]
[www.icme2014.org/social-multimedia-as-sensors/Jiebo Luo.9a6fb5.delayed]
[5d9c5adb-a-62cb3a1a-s-sites.googlegroups.com/site/ieeeicme2014/social-multimedia-as-sensors/Jiebo Luo.9b8323.delayed]
[www.icme2014.org/_/rsrc/1397707948495/deep-learning-in-image-and-video-understanding/Wangli, Ouyang.png]
[5d9c5adb-a-62cb3a1a-s-sites.googlegroups.com/site/ieeeicme2014/social-multimedia-as-sensors/Jiebo Luo8323.png]
[www.icme2014.org/social-multimedia-as-sensors/Tao.9e6fb5.delayed]
[5d9c5adb-a-62cb3a1a-s-sites.googlegroups.com/site/ieeeicme2014/social-multimedia-as-sensors/Tao.9ff7de.delayed]
[sites.google.com/site/ieeeicme2014/_/rsrc/1397711274606/social-multimedia-as-sensors/Jiebo Luoa29e.png]
[5d9c5adb-a-62cb3a1a-s-sites.googlegroups.com/site/ieeeicme2014/social-multimedia-as-sensors/Taof7de.png]
[sites.google.com/site/ieeeicme2014/_/rsrc/1397711305619/social-multimedia-as-sensors/Tao15e9.png]
[www.icme2014.org/social-multimedia-from-data-mining-to-location-aware-systems/RogerZimmermann_Photo.a26fb5.delayed]
[5d9c5adb-a-62cb3a1a-s-sites.googlegroups.com/site/ieeeicme2014/social-multimedia-from-data-mining-to-location-aware-systems/RogerZimmermann_Photo.a3588e.delayed]
[5d9c5adb-a-62cb3a1a-s-sites.googlegroups.com/site/ieeeicme2014/social-multimedia-from-data-mining-to-location-aware-systems/RogerZimmermann_Photo588e.jpg]
[www.icme2014.org/social-multimedia-from-data-mining-to-location-aware-systems/YiYu_Photo.a66fb5.delayed]
[sites.google.com/site/ieeeicme2014/_/rsrc/1398140299967/social-multimedia-from-data-mining-to-location-aware-systems/RogerZimmermann_Photo93a7.jpg]
[5d9c5adb-a-62cb3a1a-s-sites.googlegroups.com/site/ieeeicme2014/social-multimedia-from-data-mining-to-location-aware-systems/YiYu_Photo.a797b5.delayed]
[5d9c5adb-a-62cb3a1a-s-sites.googlegroups.com/site/ieeeicme2014/social-multimedia-from-data-mining-to-location-aware-systems/YiYu_Photo97b5.jpg]
[www.icme2014.org/social-and-geographic-aware-multimedia-applications-and-technologies.html]
[www.icme2014.org/learning-based-feature-extraction-for-social-media-analysis/Xudong Jiang.aa6fb5.delayed]
[sites.google.com/site/ieeeicme2014/_/rsrc/1398140331284/social-multimedia-from-data-mining-to-location-aware-systems/YiYu_Photo93a7.jpg]
[5d9c5adb-a-62cb3a1a-s-sites.googlegroups.com/site/ieeeicme2014/learning-based-feature-extraction-for-social-media-analysis/Xudong Jiang.abdade.delayed]
[5d9c5adb-a-62cb3a1a-s-sites.googlegroups.com/site/ieeeicme2014/learning-based-feature-extraction-for-social-media-analysis/Xudong Jiangdade.png]
[www.icme2014.org/learning-based-feature-extraction-for-social-media-analysis/Jiwen Lu.ae6fb5.delayed]
[www.icme2014.org/_/rsrc/1397708339760/learning-based-feature-extraction-for-social-media-analysis/Xudong Jiangf591.png]
[5d9c5adb-a-62cb3a1a-s-sites.googlegroups.com/site/ieeeicme2014/learning-based-feature-extraction-for-social-media-analysis/Jiwen Lu.af2827.delayed]
[5d9c5adb-a-62cb3a1a-s-sites.googlegroups.com/site/ieeeicme2014/learning-based-feature-extraction-for-social-media-analysis/Jiwen Lu2827.png]
[www.icme2014.org/_/rsrc/1397708392071/learning-based-feature-extraction-for-social-media-analysis/Jiwen Lubb64.png]
[www.icme2014.org/learning-based-feature-extraction-for-social-media-analysis/Weihong Deng.b26fb5.delayed]
[5d9c5adb-a-62cb3a1a-s-sites.googlegroups.com/site/ieeeicme2014/learning-based-feature-extraction-for-social-media-analysis/Weihong Deng.b38795.delayed]
[5d9c5adb-a-62cb3a1a-s-sites.googlegroups.com/site/ieeeicme2014/learning-based-feature-extraction-for-social-media-analysis/Weihong Deng8795.png]
[www.icme2014.org/learning-based-feature-extraction-for-social-media-analysis.html]
[www.icme2014.org/_/rsrc/1397708415391/learning-based-feature-extraction-for-social-media-analysis/Weihong Deng9862.png]
[www.icme2014.org/a-tutorial-on-nonnegative-matrix-factorisation-with-applications-to-audiovisual-content-analysis/Slim Essid.b66fb5.delayed]
[5d9c5adb-a-62cb3a1a-s-sites.googlegroups.com/site/ieeeicme2014/a-tutorial-on-nonnegative-matrix-factorisation-with-applications-to-audiovisual-content-analysis/Slim Essid.b7dc3e.delayed]
[5d9c5adb-a-62cb3a1a-s-sites.googlegroups.com/site/ieeeicme2014/a-tutorial-on-nonnegative-matrix-factorisation-with-applications-to-audiovisual-content-analysis/Slim Essiddc3e.png]
[www.icme2014.org/_/rsrc/1397711449882/a-tutorial-on-nonnegative-matrix-factorisation-with-applications-to-audiovisual-content-analysis/Slim Essid.png]
[www.icme2014.org/a-tutorial-on-nonnegative-matrix-factorisation-with-applications-to-audiovisual-content-analysis/Alexey OZEROV.b96fb5.delayed]
[5d9c5adb-a-62cb3a1a-s-sites.googlegroups.com/site/ieeeicme2014/a-tutorial-on-nonnegative-matrix-factorisation-with-applications-to-audiovisual-content-analysis/Alexey OZEROV.baa8f0.delayed]
[5d9c5adb-a-62cb3a1a-s-sites.googlegroups.com/site/ieeeicme2014/a-tutorial-on-nonnegative-matrix-factorisation-with-applications-to-audiovisual-content-analysis/Alexey OZEROVa8f0.png]
[www.icme2014.org/a-tutorial-on-nonnegative-matrix-factorisation-with-applications-to-audiovisual-content-analysis.html]
[www.icme2014.org/a-tutorial-on-online-learning-methods-for-multimedia-big-data-analytics/Dr. Steven C.H. Hoi.bd6fb5.delayed]
[5d9c5adb-a-62cb3a1a-s-sites.googlegroups.com/site/ieeeicme2014/a-tutorial-on-online-learning-methods-for-multimedia-big-data-analytics/Dr. Steven C.H. Hoi.bec699.delayed]
[5d9c5adb-a-62cb3a1a-s-sites.googlegroups.com/site/ieeeicme2014/a-tutorial-on-online-learning-methods-for-multimedia-big-data-analytics/Dr. Steven C.H. Hoic699.png]
[www.icme2014.org/_/rsrc/1397711497047/a-tutorial-on-nonnegative-matrix-factorisation-with-applications-to-audiovisual-content-analysis/Alexey OZEROV5170.png]
[www.icme2014.org/a-tutorial-on-online-learning-methods-for-multimedia-big-data-analytics.html]
[www.icme2014.org/_/rsrc/1403685870000/system/app/css/camelot/dashboard.css]
[www.icme2014.org/_/rsrc/1403685870000/system/app/images/spinner.gif]
[www.icme2014.org/_/rsrc/1397710787458/a-tutorial-on-online-learning-methods-for-multimedia-big-data-analytics/Dr. Steven C.H. Hoi474f.png]
[www.icme2014.org/_/rsrc/1403685870000/system/app/css/camelot/error.css]
[www.icme2014.org/keynotes/CSI/index.html]
[docs.google.com/images/env.html]
