[www.icme2014.org/index.html]
[www.gstatic.com/sites/p/0c14db/system/app/images/apple-touch-icon.png]
[backblue.gif]
[fade.gif]
[index.html]
[www.gstatic.com/sites/p/0c14db/system/js/trog_edit__zh_tw.js]
[www.icme2014.org/CSI/index.html]
[www.gstatic.com/sites/p/0c14db/system/app/images/cleardot.gif]
[www.gstatic.com/caja/5654/caja.js]
[www.gstatic.com/sites/p/0c14db/system/js/jot_caja.js]
[www.icme2014.org/_/rsrc/1340688868168/config/customLogo0dd8.png]
[www.icme2014.org/organizing-committee.html]
[www.icme2014.org/important-dates.html]
[www.icme2014.org/call-for-papers.html]
[www.icme2014.org/call-for-workshop-proposals.html]
[www.icme2014.org/call-for-tutorial-proposals.html]
[www.icme2014.org/call-for-special-session-proposals.html]
[www.icme2014.org/call-for-demonstrations.html]
[www.icme2014.org/keynotes.html]
[www.icme2014.org/workshops.html]
[www.icme2014.org/doctoral-consortium.html]
[www.icme2014.org/industry-advisory-committee-iac.html]
[www.icme2014.org/call-for-industry-program.html]
[www.icme2014.org/call-for-industry-sponsors.html]
[www.icme2014.org/call-for-grand-challenges.html]
[www.icme2014.org/grand-challenges.html]
[www.icme2014.org/msr-bing-image-retrieval-challenge.html]
[www.icme2014.org/tencent-multimedia-ads-pctr-challenge.html]
[www.icme2014.org/huawei-accurate-and-fast-mobile-video-annotation-challenge.html]
[www.icme2014.org/isvision-challenge.html]
[www.icme2014.org/subject-areas.html]
[www.icme2014.org/special-sessions.html]
[www.icme2014.org/author-guidelines.html]
[www.icme2014.org/paper-submission.html]
[www.icme2014.org/registration.html]
[www.icme2014.org/venue-hotels.html]
[www.icme2014.org/travel.html]
[www.icme2014.org/food.html]
[www.icme2014.org/city-of-chengdu.html]
[www.icme2014.org/places-of-interest.html]
[www.icme2014.org/visa-information.html]
[www.icme2014.org/_/rsrc/1340687183674/config/sponsors.png]
[www.icme2014.org/chengdu-sightseeing-tours.html]
[www.icme2014.org/system/app/pages/reportAbuse.html]
[www.icme2014.org/system/app/pages/removeAccess.html]
[www.gstatic.com/sites/p/0c14db/system/js/jot_min_view__en.js]
[www.icme2014.org/_/tz.31.delayed]
[www.icme2014.org/index.html]
[www.icme2014.org/CSI/index.html]
[www.gstatic.com/sites/p/0c14db/system/app/css/codemirror_css.css]
[ssl.gstatic.com/editor/bubble2_tr.gif]
[www.gstatic.com/sites/p/0c14db/system/app/css/trogedit.css]
[www.icme2014.org/_/rsrc/1391603670000/system/app/images/toolbar-check.gif]
[www.icme2014.org/_/rsrc/1391603670000/system/app/images/toolbar2.gif]
[www.icme2014.org/_/rsrc/1391603670000/system/app/images/formatblock-menu-icons.gif]
[www.icme2014.org/_/rsrc/1391603670000/system/app/images/icon-help-kennedy.png]
[www.icme2014.org/site/sites/system/app/images/icon_plusone.37.delayed]
[www.icme2014.org/site/sites/system/app/images/plusbadge.38.delayed]
[ssl.gstatic.com/images/icons/gplus-64.png]
[ssl.gstatic.com/images/icons/gplus-32.png]
[ssl.gstatic.com/images/icons/gplus-16.png]
[www.icme2014.org/_/rsrc/1391603670000/system/app/css/editor.css]
[www.gstatic.com/sites/p/0c14db/system/app/css/codeeditor.css]
[www.icme2014.org/_/rsrc/1391603670000/system/app/images/command.png]
[www.icme2014.org/_/rsrc/1391603670000/system/app/css/camelot/editor-jfk.css]
[ssl.gstatic.com/ui/v1/menu/checkmark-partial.png]
[www.gstatic.com/sites/p/0c14db/system/app/themes/solitudenavy/standard-css-solitudenavy-ltr-ltr.css]
[www.icme2014.org/_/rsrc/1391603670000/system/app/css/overlay6de5.css]
[www.icme2014.org/_/rsrc/1391603670000/system/app/images/camelot.png]
[www.icme2014.org/_/rsrc/1391603670000/system/app/css/camelot/allthemes-view.css]
[www.icme2014.org/organizing-committee.html]
[www.icme2014.org/important-dates.html]
[www.icme2014.org/home.html]
[www.icme2014.org/ICME2014-call-for-papers.406fb5.delayed]
[www.icme2014.org/call-for-papers.html]
[www.icme2014.org/call-for-workshop-proposals.html]
[www.icme2014.org/call-for-tutorial-proposals.html]
[www.icme2014.org/call-for-special-session-proposals.html]
[www.icme2014.org/call-for-demonstrations.html]
[www.icme2014.org/_/rsrc/1385700645080/keynotes/Gaowencabd.jpg]
[www.icme2014.org/_/rsrc/1391814549442/keynotes/zhang200993a7.jpg]
[www.icme2014.org/keynotes.html]
[www.icme2014.org/workshops.html]
[www.icme2014.org/doctoral-consortium.html]
[www.icme2014.org/industry-advisory-committee-iac.html]
[www.icme2014.org/call-for-industry-program.html]
[www.icme2014.org/call-for-industry-sponsors.html]
[www.icme2014.org/call-for-grand-challenges/Template_for_GrandChallenge.436fb5.delayed]
[www.icme2014.org/call-for-grand-challenges.html]
[www.icme2014.org/grand-challenges.html]
[www.icme2014.org/msr-bing-image-retrieval-challenge/dataset.446fb5.delayed]
[5d9c5adb-a-62cb3a1a-s-sites.googlegroups.com/site/ieeeicme2014/msr-bing-image-retrieval-challenge/dataset00c0.html]
[www.icme2014.org/_/rsrc/1387180147573/msr-bing-image-retrieval-challenge/dataset9418.png]
[www.icme2014.org/msr-bing-image-retrieval-challenge/measurements.466fb5.delayed]
[www.icme2014.org/_/rsrc/1387180147573/msr-bing-image-retrieval-challenge/measurements.png]
[www.icme2014.org/msr-bing-image-retrieval-challenge.html]
[www.icme2014.org/tencent-multimedia-ads-pctr-challenge.html]
[www.icme2014.org/huawei-accurate-and-fast-mobile-video-annotation-challenge.html]
[5d9c5adb-a-62cb3a1a-s-sites.googlegroups.com/site/ieeeicme2014/msr-bing-image-retrieval-challenge/measurementsccd7.html]
[www.icme2014.org/isvision-challenge/IndexIntegrity_2.486fb5.delayed]
[5d9c5adb-a-62cb3a1a-s-sites.googlegroups.com/site/ieeeicme2014/isvision-challenge/IndexIntegrity_28fa0.html]
[www.icme2014.org/_/rsrc/1388464959416/isvision-challenge/IndexIntegrity_2ac1f.png]
[www.icme2014.org/isvision-challenge/IndexIntegrity.4a6fb5.delayed]
[5d9c5adb-a-62cb3a1a-s-sites.googlegroups.com/site/ieeeicme2014/isvision-challenge/IndexIntegrity9678.html]
[www.icme2014.org/isvision-challenge/IndexAccuracy.4b6fb5.delayed]
[5d9c5adb-a-62cb3a1a-s-sites.googlegroups.com/site/ieeeicme2014/isvision-challenge/IndexAccuracy3c12.html]
[www.icme2014.org/_/rsrc/1388464617563/isvision-challenge/IndexAccuracy0207.png]
[www.icme2014.org/isvision-challenge.html]
[www.icme2014.org/subject-areas.html]
[www.icme2014.org/special-sessions.html]
[www.icme2014.org/icme2014template.4d6fb5.delayed]
[www.icme2014.org/icme2014template.4e6fb5.delayed]
[www.icme2014.org/icme2014template.tar.4f6fb5.delayed]
[www.icme2014.org/icme2014template.506fb5.delayed]
[www.icme2014.org/author-guidelines.html]
[www.icme2014.org/paper-submission/icme2014login.536fb5.delayed]
[5d9c5adb-a-62cb3a1a-s-sites.googlegroups.com/site/ieeeicme2014/paper-submission/icme2014login7ef8.html]
[www.icme2014.org/_/rsrc/1384221105307/paper-submission/icme2014login.png]
[www.icme2014.org/paper-submission.html]
[www.icme2014.org/registration.html]
[www.icme2014.org/_/rsrc/1379037536782/venue-hotels/venueb4b1.jpg]
[www.icme2014.org/venue-hotels/toJinJiang.jpg]
[www.icme2014.org/_/rsrc/1379037973679/venue-hotels/toJinJiang9677.jpg]
[www.icme2014.org/venue-hotels/hotels.jpg]
[www.icme2014.org/_/rsrc/1379038621417/venue-hotels/hotels9677.jpg]
[www.icme2014.org/venue-hotels.html]
[www.icme2014.org/travel.html]
[www.icme2014.org/_/rsrc/1379046184774/food/food_14f59.jpg]
[www.icme2014.org/_/rsrc/1379046184739/food/food_24f59.jpg]
[www.icme2014.org/_/rsrc/1379046466409/food/food_34f59.jpg]
[www.icme2014.org/_/rsrc/1379046184667/food/food_44f59.jpg]
[www.icme2014.org/_/rsrc/1379046138149/food/food_54f59.jpg]
[www.icme2014.org/_/rsrc/1379046138121/food/food_64f59.jpg]
[www.icme2014.org/_/rsrc/1379046138097/food/food_74f59.jpg]
[www.icme2014.org/_/rsrc/1379046138069/food/food_84f59.jpg]
[www.icme2014.org/_/rsrc/1379046138041/food/food_94f59.jpg]
[www.icme2014.org/_/rsrc/1379046138014/food/food_104f59.jpg]
[www.icme2014.org/_/rsrc/1379046137989/food/food_114f59.jpg]
[www.icme2014.org/_/rsrc/1379046137964/food/food_124f59.jpg]
[www.icme2014.org/_/rsrc/1379046137938/food/food_134f59.jpg]
[www.icme2014.org/_/rsrc/1379046137912/food/food_144f59.jpg]
[www.icme2014.org/_/rsrc/1379046137884/food/food_154f59.jpg]
[www.icme2014.org/_/rsrc/1379046137859/food/food_164f59.jpg]
[www.icme2014.org/_/rsrc/1379046137832/food/food_174f59.jpg]
[www.icme2014.org/_/rsrc/1379046137804/food/food_184f59.jpg]
[www.icme2014.org/_/rsrc/1379046137776/food/food_194f59.jpg]
[www.icme2014.org/_/rsrc/1379046137750/food/food_204f59.jpg]
[www.icme2014.org/_/rsrc/1379046486417/food/food_214f59.jpg]
[www.icme2014.org/_/rsrc/1379046137689/food/food_224f59.jpg]
[www.icme2014.org/_/rsrc/1379046137658/food/food_234f59.jpg]
[www.icme2014.org/_/rsrc/1379046137629/food/food_244f59.jpg]
[www.icme2014.org/food.html]
[www.icme2014.org/city-of-chengdu/Chengdu.726fb5.delayed]
[5d9c5adb-a-62cb3a1a-s-sites.googlegroups.com/site/ieeeicme2014/city-of-chengdu/Chengdube0f.html]
[www.icme2014.org/_/rsrc/1340770490274/city-of-chengdu/Chengdu427f.jpg]
[www.icme2014.org/city-of-chengdu.html]
[www.icme2014.org/places-of-interest/01_1.746fb5.delayed]
[5d9c5adb-a-62cb3a1a-s-sites.googlegroups.com/site/ieeeicme2014/places-of-interest/01_197a3.html]
[www.icme2014.org/_/rsrc/1340771256054/places-of-interest/01_1.jpg]
[www.icme2014.org/places-of-interest/02_1.766fb5.delayed]
[5d9c5adb-a-62cb3a1a-s-sites.googlegroups.com/site/ieeeicme2014/places-of-interest/02_1642b.html]
[www.icme2014.org/_/rsrc/1340771341357/places-of-interest/02_1.jpg]
[www.icme2014.org/places-of-interest/03.786fb5.delayed]
[5d9c5adb-a-62cb3a1a-s-sites.googlegroups.com/site/ieeeicme2014/places-of-interest/038bbc.html]
[www.icme2014.org/_/rsrc/1340771592152/places-of-interest/03.jpg]
[www.icme2014.org/places-of-interest/04_1.7a6fb5.delayed]
[5d9c5adb-a-62cb3a1a-s-sites.googlegroups.com/site/ieeeicme2014/places-of-interest/04_18fc1.html]
[www.icme2014.org/_/rsrc/1340771643638/places-of-interest/04_1.jpg]
[www.icme2014.org/places-of-interest/05_1.7c6fb5.delayed]
[5d9c5adb-a-62cb3a1a-s-sites.googlegroups.com/site/ieeeicme2014/places-of-interest/05_17e61.html]
[www.icme2014.org/_/rsrc/1340771723938/places-of-interest/05_1.jpg]
[www.icme2014.org/places-of-interest/06_1.7e6fb5.delayed]
[5d9c5adb-a-62cb3a1a-s-sites.googlegroups.com/site/ieeeicme2014/places-of-interest/06_10241.html]
[www.icme2014.org/_/rsrc/1340771775543/places-of-interest/06_1.jpg]
[www.icme2014.org/places-of-interest/07_1.806fb5.delayed]
[5d9c5adb-a-62cb3a1a-s-sites.googlegroups.com/site/ieeeicme2014/places-of-interest/07_14cbf.html]
[www.icme2014.org/_/rsrc/1340771816750/places-of-interest/07_1.jpg]
[www.icme2014.org/places-of-interest.html]
[www.icme2014.org/visa-information/Information for Visa Application to the ICME 2014.826fb5.delayed]
[www.icme2014.org/visa-information.html]
[www.icme2014.org/_/rsrc/1390730082447/chengdu-sightseeing-tours/Dufu81da.jpg]
[www.icme2014.org/_/rsrc/1390730468222/chengdu-sightseeing-tours/Jinsha Site Museum-Sichuan Museum2eff.jpg]
[www.icme2014.org/_/rsrc/1390730942152/chengdu-sightseeing-tours/Panda.png]
[www.icme2014.org/_/rsrc/1390731216917/chengdu-sightseeing-tours/Sanxingdui Museum9c4f.jpg]
[www.icme2014.org/_/rsrc/1390731493688/chengdu-sightseeing-tours/Taste in Pi Countya7d9.jpg]
[www.icme2014.org/chengdu-sightseeing-tours/Paradise for Gourmets.886fb5.delayed]
[5d9c5adb-a-62cb3a1a-s-sites.googlegroups.com/site/ieeeicme2014/chengdu-sightseeing-tours/Paradise for Gourmetsbf5f.html]
[www.icme2014.org/_/rsrc/1390731778017/chengdu-sightseeing-tours/Paradise for Gourmetsfa18.jpg]
[www.icme2014.org/_/rsrc/1390731964707/chengdu-sightseeing-tours/Dujiangyand985.jpg]
[www.icme2014.org/_/rsrc/1390732165551/chengdu-sightseeing-tours/China Lanef737.jpg]
[www.icme2014.org/chengdu-sightseeing-tours.html]
[www.gstatic.com/sites/p/0c14db/system/js/jot_min__zh_tw.js]
[www.icme2014.org/system/app/pages/reportAbuse.html]
[www.icme2014.org/system/app/pages/removeAccess.html]
[www.icme2014.org/_/tz.html]
[www.icme2014.org/site/sites/system/app/images/icon_plusone.html]
[www.icme2014.org/site/sites/system/app/images/plusbadge.html]
[www.icme2014.org/home.html]
[5d9c5adb-a-62cb3a1a-s-sites.googlegroups.com/site/ieeeicme2014/msr-bing-image-retrieval-challenge/dataset00c0.html]
[5d9c5adb-a-62cb3a1a-s-sites.googlegroups.com/site/ieeeicme2014/msr-bing-image-retrieval-challenge/measurementsccd7.html]
[5d9c5adb-a-62cb3a1a-s-sites.googlegroups.com/site/ieeeicme2014/isvision-challenge/IndexIntegrity_28fa0.html]
[5d9c5adb-a-62cb3a1a-s-sites.googlegroups.com/site/ieeeicme2014/city-of-chengdu/Chengdube0f.html]
[5d9c5adb-a-62cb3a1a-s-sites.googlegroups.com/site/ieeeicme2014/places-of-interest/01_197a3.html]
[5d9c5adb-a-62cb3a1a-s-sites.googlegroups.com/site/ieeeicme2014/places-of-interest/02_1642b.html]
[5d9c5adb-a-62cb3a1a-s-sites.googlegroups.com/site/ieeeicme2014/places-of-interest/038bbc.html]
[5d9c5adb-a-62cb3a1a-s-sites.googlegroups.com/site/ieeeicme2014/isvision-challenge/IndexAccuracy3c12.html]
[5d9c5adb-a-62cb3a1a-s-sites.googlegroups.com/site/ieeeicme2014/isvision-challenge/IndexIntegrity9678.html]
[5d9c5adb-a-62cb3a1a-s-sites.googlegroups.com/site/ieeeicme2014/paper-submission/icme2014login7ef8.html]
[5d9c5adb-a-62cb3a1a-s-sites.googlegroups.com/site/ieeeicme2014/places-of-interest/05_17e61.html]
[5d9c5adb-a-62cb3a1a-s-sites.googlegroups.com/site/ieeeicme2014/places-of-interest/06_10241.html]
[5d9c5adb-a-62cb3a1a-s-sites.googlegroups.com/site/ieeeicme2014/places-of-interest/07_14cbf.html]
[www.icme2014.org/_/rsrc/1391603670000/system/app/images/spinner.gif]
[www.icme2014.org/_/rsrc/1391603670000/system/app/css/camelot/dashboard.css]
[www.icme2014.org/_/rsrc/1391603670000/system/app/css/camelot/error.css]
[5d9c5adb-a-62cb3a1a-s-sites.googlegroups.com/site/ieeeicme2014/msr-bing-image-retrieval-challenge/measurementsccd7.html]
[5d9c5adb-a-62cb3a1a-s-sites.googlegroups.com/site/ieeeicme2014/isvision-challenge/IndexIntegrity_28fa0.html]
[5d9c5adb-a-62cb3a1a-s-sites.googlegroups.com/site/ieeeicme2014/isvision-challenge/IndexIntegrity9678.html]
[5d9c5adb-a-62cb3a1a-s-sites.googlegroups.com/site/ieeeicme2014/isvision-challenge/IndexAccuracy3c12.html]
[5d9c5adb-a-62cb3a1a-s-sites.googlegroups.com/site/ieeeicme2014/paper-submission/icme2014login7ef8.html]
[5d9c5adb-a-62cb3a1a-s-sites.googlegroups.com/site/ieeeicme2014/city-of-chengdu/Chengdube0f.html]
[5d9c5adb-a-62cb3a1a-s-sites.googlegroups.com/site/ieeeicme2014/places-of-interest/01_197a3.html]
[5d9c5adb-a-62cb3a1a-s-sites.googlegroups.com/site/ieeeicme2014/places-of-interest/02_1642b.html]
[5d9c5adb-a-62cb3a1a-s-sites.googlegroups.com/site/ieeeicme2014/places-of-interest/038bbc.html]
[5d9c5adb-a-62cb3a1a-s-sites.googlegroups.com/site/ieeeicme2014/places-of-interest/04_18fc1.html]
[5d9c5adb-a-62cb3a1a-s-sites.googlegroups.com/site/ieeeicme2014/places-of-interest/05_17e61.html]
[5d9c5adb-a-62cb3a1a-s-sites.googlegroups.com/site/ieeeicme2014/places-of-interest/04_18fc1.html]
[5d9c5adb-a-62cb3a1a-s-sites.googlegroups.com/site/ieeeicme2014/places-of-interest/06_10241.html]
[5d9c5adb-a-62cb3a1a-s-sites.googlegroups.com/site/ieeeicme2014/places-of-interest/07_14cbf.html]
[5d9c5adb-a-62cb3a1a-s-sites.googlegroups.com/site/ieeeicme2014/msr-bing-image-retrieval-challenge/dataset00c0.html]
[5d9c5adb-a-62cb3a1a-s-sites.googlegroups.com/site/ieeeicme2014/chengdu-sightseeing-tours/Paradise for Gourmetsbf5f.html]
[docs.google.com/images/env.html]
[5d9c5adb-a-62cb3a1a-s-sites.googlegroups.com/site/ieeeicme2014/chengdu-sightseeing-tours/Paradise for Gourmetsbf5f.html]
[sites.google.com/site/ieeeicme2014/msr-bing-image-retrieval-challenge/dataset.b16fb5.delayed]
[5d9c5adb-a-62cb3a1a-s-sites.googlegroups.com/site/ieeeicme2014/msr-bing-image-retrieval-challenge/dataset00c0.html]
[5d9c5adb-a-62cb3a1a-s-sites.googlegroups.com/site/ieeeicme2014/msr-bing-image-retrieval-challenge/dataset4501.html]
[sites.google.com/site/ieeeicme2014/msr-bing-image-retrieval-challenge/measurements.b26fb5.delayed]
[5d9c5adb-a-62cb3a1a-s-sites.googlegroups.com/site/ieeeicme2014/msr-bing-image-retrieval-challenge/measurementsccd7.html]
[sites.google.com/site/ieeeicme2014/isvision-challenge/IndexIntegrity_2.b36fb5.delayed]
[5d9c5adb-a-62cb3a1a-s-sites.googlegroups.com/site/ieeeicme2014/isvision-challenge/IndexIntegrity_28fa0.html]
[5d9c5adb-a-62cb3a1a-s-sites.googlegroups.com/site/ieeeicme2014/msr-bing-image-retrieval-challenge/measurementsff62.html]
[5d9c5adb-a-62cb3a1a-s-sites.googlegroups.com/site/ieeeicme2014/isvision-challenge/IndexIntegrity_2fd36.html]
[sites.google.com/site/ieeeicme2014/isvision-challenge/IndexIntegrity.b46fb5.delayed]
[5d9c5adb-a-62cb3a1a-s-sites.googlegroups.com/site/ieeeicme2014/isvision-challenge/IndexIntegrity9678.html]
[5d9c5adb-a-62cb3a1a-s-sites.googlegroups.com/site/ieeeicme2014/isvision-challenge/IndexIntegrityaf95.html]
[sites.google.com/site/ieeeicme2014/isvision-challenge/IndexAccuracy.b56fb5.delayed]
[5d9c5adb-a-62cb3a1a-s-sites.googlegroups.com/site/ieeeicme2014/isvision-challenge/IndexAccuracy3c12.html]
[5d9c5adb-a-62cb3a1a-s-sites.googlegroups.com/site/ieeeicme2014/isvision-challenge/IndexAccuracyd266.html]
[sites.google.com/site/ieeeicme2014/paper-submission/icme2014login.b66fb5.delayed]
[5d9c5adb-a-62cb3a1a-s-sites.googlegroups.com/site/ieeeicme2014/paper-submission/icme2014login7ef8.html]
[sites.google.com/site/ieeeicme2014/city-of-chengdu/Chengdu.b76fb5.delayed]
[5d9c5adb-a-62cb3a1a-s-sites.googlegroups.com/site/ieeeicme2014/city-of-chengdu/Chengdube0f.html]
[5d9c5adb-a-62cb3a1a-s-sites.googlegroups.com/site/ieeeicme2014/paper-submission/icme2014login31b5.html]
[5d9c5adb-a-62cb3a1a-s-sites.googlegroups.com/site/ieeeicme2014/city-of-chengdu/Chengdu4829.html]
[sites.google.com/site/ieeeicme2014/places-of-interest/01_1.b86fb5.delayed]
[5d9c5adb-a-62cb3a1a-s-sites.googlegroups.com/site/ieeeicme2014/places-of-interest/01_197a3.html]
[sites.google.com/site/ieeeicme2014/places-of-interest/02_1.b96fb5.delayed]
[5d9c5adb-a-62cb3a1a-s-sites.googlegroups.com/site/ieeeicme2014/places-of-interest/02_1642b.html]
[5d9c5adb-a-62cb3a1a-s-sites.googlegroups.com/site/ieeeicme2014/places-of-interest/01_17593.html]
[5d9c5adb-a-62cb3a1a-s-sites.googlegroups.com/site/ieeeicme2014/places-of-interest/02_1512e.html]
[sites.google.com/site/ieeeicme2014/places-of-interest/03.ba6fb5.delayed]
[5d9c5adb-a-62cb3a1a-s-sites.googlegroups.com/site/ieeeicme2014/places-of-interest/038bbc.html]
[5d9c5adb-a-62cb3a1a-s-sites.googlegroups.com/site/ieeeicme2014/places-of-interest/036f48.html]
[sites.google.com/site/ieeeicme2014/places-of-interest/04_1.bb6fb5.delayed]
[5d9c5adb-a-62cb3a1a-s-sites.googlegroups.com/site/ieeeicme2014/places-of-interest/04_18fc1.html]
[sites.google.com/site/ieeeicme2014/places-of-interest/05_1.bc6fb5.delayed]
[5d9c5adb-a-62cb3a1a-s-sites.googlegroups.com/site/ieeeicme2014/places-of-interest/05_17e61.html]
[5d9c5adb-a-62cb3a1a-s-sites.googlegroups.com/site/ieeeicme2014/places-of-interest/04_1acdd.html]
[5d9c5adb-a-62cb3a1a-s-sites.googlegroups.com/site/ieeeicme2014/places-of-interest/05_11f68.html]
[sites.google.com/site/ieeeicme2014/places-of-interest/06_1.bd6fb5.delayed]
[5d9c5adb-a-62cb3a1a-s-sites.googlegroups.com/site/ieeeicme2014/places-of-interest/06_10241.html]
[sites.google.com/site/ieeeicme2014/places-of-interest/07_1.be6fb5.delayed]
[5d9c5adb-a-62cb3a1a-s-sites.googlegroups.com/site/ieeeicme2014/places-of-interest/07_14cbf.html]
[5d9c5adb-a-62cb3a1a-s-sites.googlegroups.com/site/ieeeicme2014/places-of-interest/06_14ce5.html]
[sites.google.com/site/ieeeicme2014/chengdu-sightseeing-tours/Paradise for Gourmets.bf6fb5.delayed]
[5d9c5adb-a-62cb3a1a-s-sites.googlegroups.com/site/ieeeicme2014/chengdu-sightseeing-tours/Paradise for Gourmetsbf5f.html]
[5d9c5adb-a-62cb3a1a-s-sites.googlegroups.com/site/ieeeicme2014/places-of-interest/07_15746.html]
[5d9c5adb-a-62cb3a1a-s-sites.googlegroups.com/site/ieeeicme2014/chengdu-sightseeing-tours/Paradise for Gourmetsd90c.html]
[sites.google.com/site/ieeeicme2014/_/rsrc/1391603670000/system/app/images/spinner.gif]
[sites.google.com/site/ieeeicme2014/_/rsrc/1391603670000/system/app/images/camelot.png]
[sites.google.com/site/ieeeicme2014/_/rsrc/1391603670000/system/app/css/camelot/dashboard.css]
[sites.google.com/site/ieeeicme2014/_/rsrc/1391603670000/system/app/css/camelot/error.css]
