[www.icme2014.org/index.html]
[www.gstatic.com/sites/p/e65b43/system/app/images/apple-touch-icon.png]
[backblue.gif]
[fade.gif]
[index.html]
[www.gstatic.com/sites/p/e65b43/system/js/trog_edit__en.js]
[www.icme2014.org/CSI/index.html]
[www.gstatic.com/sites/p/e65b43/system/app/images/cleardot.gif]
[www.icme2014.org/home.html]
[www.gstatic.com/caja/5678/caja.js]
[www.gstatic.com/sites/p/e65b43/system/js/jot_caja.js]
[www.icme2014.org/_/rsrc/1340688868168/config/customLogo0dd8.png]
[www.icme2014.org/organizing-committee.html]
[www.icme2014.org/important-dates.html]
[www.icme2014.org/call-for-papers.html]
[www.icme2014.org/call-for-workshop-proposals.html]
[www.icme2014.org/call-for-tutorial-proposals.html]
[www.icme2014.org/call-for-special-session-proposals.html]
[www.icme2014.org/call-for-demonstrations.html]
[www.icme2014.org/keynotes.html]
[www.icme2014.org/oral-sessions.html]
[www.icme2014.org/poster-sessions.html]
[www.icme2014.org/special-sessions-1.html]
[www.icme2014.org/demo-sessions.html]
[www.icme2014.org/grand-challenge-session.html]
[www.icme2014.org/workshops.html]
[www.icme2014.org/doctoral-consortium.html]
[www.icme2014.org/tutorials.html]
[www.icme2014.org/panel-session.html]
[www.icme2014.org/industry-advisory-committee-iac.html]
[www.icme2014.org/call-for-industry-program.html]
[www.icme2014.org/call-for-industry-sponsors.html]
[www.icme2014.org/call-for-grand-challenges.html]
[www.icme2014.org/grand-challenges.html]
[www.icme2014.org/msr-bing-image-retrieval-challenge.html]
[www.icme2014.org/tencent-multimedia-ads-pctr-challenge.html]
[www.icme2014.org/huawei-accurate-and-fast-mobile-video-annotation-challenge.html]
[www.icme2014.org/isvision-challenge.html]
[www.icme2014.org/subject-areas.html]
[www.icme2014.org/special-sessions.html]
[www.icme2014.org/author-guidelines.html]
[www.icme2014.org/paper-submission.html]
[www.icme2014.org/rebuttal.html]
[www.icme2014.org/camera-ready-submission-guidelines.html]
[www.icme2014.org/camera-ready-submission.html]
[www.icme2014.org/copyright-submission.html]
[www.icme2014.org/presentation-guidelines.html]
[www.icme2014.org/registration.html]
[www.icme2014.org/venue-hotels.html]
[www.icme2014.org/travel.html]
[www.icme2014.org/food.html]
[www.icme2014.org/city-of-chengdu.html]
[www.icme2014.org/places-of-interest.html]
[www.icme2014.org/visa-information.html]
[www.icme2014.org/chengdu-sightseeing-tours.html]
[www.icme2014.org/sponsors-and-grand-challenge-hosts.html]
[www.icme2014.org/_/rsrc/1340687183674/config/sponsors.png]
[www.icme2014.org/program-at-a-glance.3c926e.delayed]
[www.icme2014.org/_/rsrc/1400492250673/home/Baiduc115.png]
[www.icme2014.org/_/rsrc/1400492259553/home/BOCOM90eb.png]
[www.icme2014.org/home/NSF.3f6fb5.delayed]
[5d9c5adb-a-62cb3a1a-s-sites.googlegroups.com/site/ieeeicme2014/home/NSF.404f0c.delayed]
[5d9c5adb-a-62cb3a1a-s-sites.googlegroups.com/site/ieeeicme2014/home/NSF4f0c.png]
[www.icme2014.org/_/rsrc/1400492273898/home/NSFC9070.png]
[www.icme2014.org/_/rsrc/1400492267175/home/NSFca9d.png]
[www.icme2014.org/_/rsrc/1400492305025/home/Yahoo270a.png]
[www.icme2014.org/_/rsrc/1400504874208/home/IBM Research33f1.png]
[www.icme2014.org/_/rsrc/1402318565389/home/msra_logo.png]
[www.icme2014.org/_/rsrc/1402488647062/home/Ricoh_lock_up_120402_cs68e89.png]
[www.icme2014.org/system/app/pages/reportAbuse.html]
[www.gstatic.com/sites/p/e65b43/system/js/jot_min_view__en.js]
[www.icme2014.org/_/tz.4a.delayed]
[www.icme2014.org/index.html]
[www.icme2014.org/CSI/index.html]
[www.gstatic.com/sites/p/e65b43/system/app/css/codemirror_css.css]
[ssl.gstatic.com/editor/bubble2_tr.gif]
[www.gstatic.com/sites/p/e65b43/system/app/css/trogedit.css]
[www.icme2014.org/_/rsrc/1401942180000/system/app/images/toolbar-check.gif]
[www.icme2014.org/_/rsrc/1401942180000/system/app/images/toolbar2.gif]
[www.icme2014.org/_/rsrc/1401942180000/system/app/images/formatblock-menu-icons.gif]
[www.icme2014.org/_/rsrc/1401942180000/system/app/images/icon-help-kennedy.png]
[www.icme2014.org/site/sites/system/app/images/icon_plusone.50.delayed]
[www.icme2014.org/site/sites/system/app/images/plusbadge.51.delayed]
[ssl.gstatic.com/images/icons/gplus-64.png]
[ssl.gstatic.com/images/icons/gplus-32.png]
[ssl.gstatic.com/images/icons/gplus-16.png]
[www.icme2014.org/_/rsrc/1401942180000/system/app/css/editor.css]
[www.gstatic.com/sites/p/e65b43/system/app/css/codeeditor.css]
[www.icme2014.org/_/rsrc/1401942180000/system/app/images/command.png]
[www.icme2014.org/_/rsrc/1401942180000/system/app/css/camelot/editor-jfk.css]
[www.icme2014.org/home.html]
[ssl.gstatic.com/ui/v1/menu/checkmark-partial.png]
[www.gstatic.com/sites/p/e65b43/system/app/themes/solitudenavy/standard-css-solitudenavy-ltr-ltr.css]
[www.icme2014.org/_/rsrc/1401942180000/system/app/css/overlay6de5.css]
[www.icme2014.org/_/rsrc/1401942180000/system/app/images/camelot.png]
[www.icme2014.org/_/rsrc/1401942180000/system/app/css/camelot/allthemes-view.css]
[www.icme2014.org/organizing-committee.html]
[www.icme2014.org/important-dates.html]
[www.icme2014.org/ICME2014-call-for-papers.596fb5.delayed]
[www.icme2014.org/call-for-papers.html]
[www.icme2014.org/call-for-workshop-proposals.html]
[www.icme2014.org/call-for-tutorial-proposals.html]
[www.icme2014.org/call-for-special-session-proposals.html]
[www.icme2014.org/call-for-demonstrations.html]
[www.icme2014.org/_/rsrc/1391814549442/keynotes/zhang200993a7.jpg]
[www.icme2014.org/keynotes/bio_zzhang.html]
[www.icme2014.org/keynotes/wengao.5c6fb5.delayed]
[5d9c5adb-a-62cb3a1a-s-sites.googlegroups.com/site/ieeeicme2014/keynotes/wengao.5de20c.delayed]
[5d9c5adb-a-62cb3a1a-s-sites.googlegroups.com/site/ieeeicme2014/keynotes/wengaoe20c.jpg]
[www.icme2014.org/_/rsrc/1398064076897/keynotes/wengao69ec.jpg]
[www.icme2014.org/keynotes.html]
[www.icme2014.org/oral-sessions.html]
[www.icme2014.org/poster-sessions.html]
[www.icme2014.org/special-sessions-1.html]
[www.icme2014.org/demo-sessions.html]
[www.icme2014.org/grand-challenge-session.html]
[www.icme2014.org/workshopV1.606fb5.delayed]
[www.icme2014.org/workshops.html]
[www.icme2014.org/doctoral-consortium.html]
[www.icme2014.org/hashing-large-scale-data-with-applications-to-cross-media-analysis.html]
[www.icme2014.org/deep-learning-in-image-and-video-understanding.html]
[www.icme2014.org/social-and-geographic-aware-multimedia-applications-and-technologies.html]
[www.icme2014.org/learning-based-feature-extraction-for-social-media-analysis.html]
[www.icme2014.org/a-tutorial-on-nonnegative-matrix-factorisation-with-applications-to-audiovisual-content-analysis.html]
[www.icme2014.org/tutorials.html]
[www.icme2014.org/panel-session.html]
[www.icme2014.org/industry-advisory-committee-iac.html]
[www.icme2014.org/call-for-industry-program.html]
[www.icme2014.org/call-for-industry-sponsors.html]
[www.icme2014.org/a-tutorial-on-online-learning-methods-for-multimedia-big-data-analytics.html]
[www.icme2014.org/call-for-grand-challenges/Template_for_GrandChallenge.676fb5.delayed]
[www.icme2014.org/call-for-grand-challenges.html]
[www.icme2014.org/grand-challenges.html]
[www.icme2014.org/msr-bing-image-retrieval-challenge/dataset.686fb5.delayed]
[5d9c5adb-a-62cb3a1a-s-sites.googlegroups.com/site/ieeeicme2014/msr-bing-image-retrieval-challenge/dataset.69dc0e.delayed]
[5d9c5adb-a-62cb3a1a-s-sites.googlegroups.com/site/ieeeicme2014/msr-bing-image-retrieval-challenge/datasetdc0e.png]
[www.icme2014.org/_/rsrc/1387180147573/msr-bing-image-retrieval-challenge/dataset9418.png]
[www.icme2014.org/msr-bing-image-retrieval-challenge/measurements.6c6fb5.delayed]
[5d9c5adb-a-62cb3a1a-s-sites.googlegroups.com/site/ieeeicme2014/msr-bing-image-retrieval-challenge/measurements.6db64f.delayed]
[5d9c5adb-a-62cb3a1a-s-sites.googlegroups.com/site/ieeeicme2014/msr-bing-image-retrieval-challenge/measurementsb64f.png]
[www.icme2014.org/_/rsrc/1387180147573/msr-bing-image-retrieval-challenge/measurements.png]
[www.icme2014.org/msr-bing-image-retrieval-challenge.html]
[www.icme2014.org/tencent-multimedia-ads-pctr-challenge.html]
[www.icme2014.org/huawei-accurate-and-fast-mobile-video-annotation-challenge.html]
[www.icme2014.org/isvision-challenge/IndexIntegrity_2.706fb5.delayed]
[5d9c5adb-a-62cb3a1a-s-sites.googlegroups.com/site/ieeeicme2014/isvision-challenge/IndexIntegrity_2.7146b9.delayed]
[5d9c5adb-a-62cb3a1a-s-sites.googlegroups.com/site/ieeeicme2014/isvision-challenge/IndexIntegrity_246b9.png]
[www.icme2014.org/_/rsrc/1388464959416/isvision-challenge/IndexIntegrity_2ac1f.png]
[www.icme2014.org/isvision-challenge/IndexIntegrity.746fb5.delayed]
[5d9c5adb-a-62cb3a1a-s-sites.googlegroups.com/site/ieeeicme2014/isvision-challenge/IndexIntegrity.750eb9.delayed]
[5d9c5adb-a-62cb3a1a-s-sites.googlegroups.com/site/ieeeicme2014/isvision-challenge/IndexIntegrity0eb9.png]
[www.icme2014.org/isvision-challenge/IndexAccuracy.776fb5.delayed]
[5d9c5adb-a-62cb3a1a-s-sites.googlegroups.com/site/ieeeicme2014/isvision-challenge/IndexAccuracy.78d805.delayed]
[5d9c5adb-a-62cb3a1a-s-sites.googlegroups.com/site/ieeeicme2014/isvision-challenge/IndexAccuracyd805.png]
[www.icme2014.org/_/rsrc/1388464617563/isvision-challenge/IndexAccuracy0207.png]
[www.icme2014.org/isvision-challenge.html]
[www.icme2014.org/subject-areas.html]
[www.icme2014.org/special-sessions.html]
[www.icme2014.org/icme2014template.7b6fb5.delayed]
[www.icme2014.org/icme2014template.7c6fb5.delayed]
[www.icme2014.org/icme2014template.tar.7d6fb5.delayed]
[www.icme2014.org/icme2014template.7e6fb5.delayed]
[www.icme2014.org/author-guidelines.html]
[www.icme2014.org/paper-submission/icme2014login.816fb5.delayed]
[5d9c5adb-a-62cb3a1a-s-sites.googlegroups.com/site/ieeeicme2014/paper-submission/icme2014login.822576.delayed]
[5d9c5adb-a-62cb3a1a-s-sites.googlegroups.com/site/ieeeicme2014/paper-submission/icme2014login2576.png]
[www.icme2014.org/_/rsrc/1384221105307/paper-submission/icme2014login.png]
[www.icme2014.org/paper-submission.html]
[www.icme2014.org/rebuttal.html]
[www.icme2014.org/icme2014templatecr.856fb5.delayed]
[www.icme2014.org/icme2014templatecr.866fb5.delayed]
[www.icme2014.org/icme2014templatecr.tar.876fb5.delayed]
[www.icme2014.org/icme2014templatecr.886fb5.delayed]
[www.icme2014.org/camera-ready-submission-guidelines.html]
[www.icme2014.org/ICME14-AcceptedDemosNoEmail.896fb5.delayed]
[www.icme2014.org/camera-ready-submission.html]
[www.icme2014.org/copyright-submission.html]
[www.icme2014.org/presentation-guidelines.html]
[www.icme2014.org/InformationforVisaApplicationtotheICME2014.8a6fb5.delayed]
[www.icme2014.org/registration.html]
[www.icme2014.org/_/rsrc/1379037536782/venue-hotels/venueb4b1.jpg]
[www.icme2014.org/venue-hotels/Hotel.8d6fb5.delayed]
[5d9c5adb-a-62cb3a1a-s-sites.googlegroups.com/site/ieeeicme2014/venue-hotels/Hotel.8ed4bd.delayed]
[5d9c5adb-a-62cb3a1a-s-sites.googlegroups.com/site/ieeeicme2014/venue-hotels/Hoteld4bd.png]
[www.icme2014.org/_/rsrc/1399371844549/venue-hotels/Hotelf773.png]
[www.icme2014.org/venue-hotels/Hotel_2.916fb5.delayed]
[5d9c5adb-a-62cb3a1a-s-sites.googlegroups.com/site/ieeeicme2014/venue-hotels/Hotel_2.92b881.delayed]
[5d9c5adb-a-62cb3a1a-s-sites.googlegroups.com/site/ieeeicme2014/venue-hotels/Hotel_2b881.png]
[www.icme2014.org/_/rsrc/1399371619858/venue-hotels/Hotel_2d631.png]
[www.icme2014.org/venue-hotels/toJinJiang.jpg]
[www.icme2014.org/_/rsrc/1379037973679/venue-hotels/toJinJiang9677.jpg]
[www.icme2014.org/venue-hotels/hotels.jpg]
[www.icme2014.org/_/rsrc/1379038621417/venue-hotels/hotels9677.jpg]
[www.icme2014.org/venue-hotels.html]
[www.icme2014.org/travel.html]
[www.icme2014.org/_/rsrc/1379046184774/food/food_14f59.jpg]
[www.icme2014.org/_/rsrc/1379046184739/food/food_24f59.jpg]
[www.icme2014.org/_/rsrc/1379046466409/food/food_34f59.jpg]
[www.icme2014.org/_/rsrc/1379046184667/food/food_44f59.jpg]
[www.icme2014.org/_/rsrc/1379046138149/food/food_54f59.jpg]
[www.icme2014.org/_/rsrc/1379046138121/food/food_64f59.jpg]
[www.icme2014.org/_/rsrc/1379046138097/food/food_74f59.jpg]
[www.icme2014.org/_/rsrc/1379046138069/food/food_84f59.jpg]
[www.icme2014.org/_/rsrc/1379046138041/food/food_94f59.jpg]
[www.icme2014.org/_/rsrc/1379046138014/food/food_104f59.jpg]
[www.icme2014.org/_/rsrc/1379046137989/food/food_114f59.jpg]
[www.icme2014.org/_/rsrc/1379046137964/food/food_124f59.jpg]
[www.icme2014.org/_/rsrc/1379046137938/food/food_134f59.jpg]
[www.icme2014.org/_/rsrc/1379046137912/food/food_144f59.jpg]
[www.icme2014.org/_/rsrc/1379046137884/food/food_154f59.jpg]
[www.icme2014.org/_/rsrc/1379046137859/food/food_164f59.jpg]
[www.icme2014.org/_/rsrc/1379046137832/food/food_174f59.jpg]
[www.icme2014.org/_/rsrc/1379046137804/food/food_184f59.jpg]
[www.icme2014.org/_/rsrc/1379046137776/food/food_194f59.jpg]
[www.icme2014.org/_/rsrc/1379046137750/food/food_204f59.jpg]
[www.icme2014.org/_/rsrc/1379046486417/food/food_214f59.jpg]
[www.icme2014.org/_/rsrc/1379046137689/food/food_224f59.jpg]
[www.icme2014.org/_/rsrc/1379046137658/food/food_234f59.jpg]
[www.icme2014.org/_/rsrc/1379046137629/food/food_244f59.jpg]
[www.icme2014.org/food.html]
[www.icme2014.org/city-of-chengdu/Chengdu.b16fb5.delayed]
[5d9c5adb-a-62cb3a1a-s-sites.googlegroups.com/site/ieeeicme2014/city-of-chengdu/Chengdu.b246f4.delayed]
[5d9c5adb-a-62cb3a1a-s-sites.googlegroups.com/site/ieeeicme2014/city-of-chengdu/Chengdu46f4.jpg]
[www.icme2014.org/_/rsrc/1340770490274/city-of-chengdu/Chengdu427f.jpg]
[www.icme2014.org/city-of-chengdu.html]
[www.icme2014.org/places-of-interest/01_1.b56fb5.delayed]
[5d9c5adb-a-62cb3a1a-s-sites.googlegroups.com/site/ieeeicme2014/places-of-interest/01_1.b64a4a.delayed]
[5d9c5adb-a-62cb3a1a-s-sites.googlegroups.com/site/ieeeicme2014/places-of-interest/01_14a4a.jpg]
[www.icme2014.org/_/rsrc/1340771256054/places-of-interest/01_1.jpg]
[www.icme2014.org/places-of-interest/02_1.b96fb5.delayed]
[5d9c5adb-a-62cb3a1a-s-sites.googlegroups.com/site/ieeeicme2014/places-of-interest/02_1.ba5b29.delayed]
[5d9c5adb-a-62cb3a1a-s-sites.googlegroups.com/site/ieeeicme2014/places-of-interest/02_15b29.jpg]
[www.icme2014.org/_/rsrc/1340771341357/places-of-interest/02_1.jpg]
[www.icme2014.org/places-of-interest/03.bd6fb5.delayed]
[5d9c5adb-a-62cb3a1a-s-sites.googlegroups.com/site/ieeeicme2014/places-of-interest/03.beb695.delayed]
[5d9c5adb-a-62cb3a1a-s-sites.googlegroups.com/site/ieeeicme2014/places-of-interest/03b695.jpg]
[www.icme2014.org/_/rsrc/1340771592152/places-of-interest/03.jpg]
[www.icme2014.org/places-of-interest/04_1.c16fb5.delayed]
[5d9c5adb-a-62cb3a1a-s-sites.googlegroups.com/site/ieeeicme2014/places-of-interest/04_1.c29990.delayed]
[5d9c5adb-a-62cb3a1a-s-sites.googlegroups.com/site/ieeeicme2014/places-of-interest/04_19990.jpg]
[www.icme2014.org/_/rsrc/1340771643638/places-of-interest/04_1.jpg]
[www.icme2014.org/places-of-interest/05_1.c56fb5.delayed]
[5d9c5adb-a-62cb3a1a-s-sites.googlegroups.com/site/ieeeicme2014/places-of-interest/05_1.c6f5fb.delayed]
[5d9c5adb-a-62cb3a1a-s-sites.googlegroups.com/site/ieeeicme2014/places-of-interest/05_1f5fb.jpg]
[www.icme2014.org/_/rsrc/1340771723938/places-of-interest/05_1.jpg]
[www.icme2014.org/places-of-interest/06_1.c96fb5.delayed]
[5d9c5adb-a-62cb3a1a-s-sites.googlegroups.com/site/ieeeicme2014/places-of-interest/06_1.ca2c53.delayed]
[5d9c5adb-a-62cb3a1a-s-sites.googlegroups.com/site/ieeeicme2014/places-of-interest/06_12c53.jpg]
[www.icme2014.org/_/rsrc/1340771775543/places-of-interest/06_1.jpg]
[www.icme2014.org/places-of-interest/07_1.cd6fb5.delayed]
[5d9c5adb-a-62cb3a1a-s-sites.googlegroups.com/site/ieeeicme2014/places-of-interest/07_1.ce1e5f.delayed]
[5d9c5adb-a-62cb3a1a-s-sites.googlegroups.com/site/ieeeicme2014/places-of-interest/07_11e5f.jpg]
[www.icme2014.org/_/rsrc/1340771816750/places-of-interest/07_1.jpg]
[www.icme2014.org/places-of-interest.html]
[www.icme2014.org/visa-information.html]
[www.icme2014.org/_/rsrc/1390730082447/chengdu-sightseeing-tours/Dufu81da.jpg]
[www.icme2014.org/_/rsrc/1390730468222/chengdu-sightseeing-tours/Jinsha Site Museum-Sichuan Museum2eff.jpg]
[www.icme2014.org/_/rsrc/1390730942152/chengdu-sightseeing-tours/Panda.png]
[www.icme2014.org/_/rsrc/1390731216917/chengdu-sightseeing-tours/Sanxingdui Museum9c4f.jpg]
[www.icme2014.org/_/rsrc/1390731493688/chengdu-sightseeing-tours/Taste in Pi Countya7d9.jpg]
[www.icme2014.org/chengdu-sightseeing-tours/Paradise for Gourmets.d76fb5.delayed]
[5d9c5adb-a-62cb3a1a-s-sites.googlegroups.com/site/ieeeicme2014/chengdu-sightseeing-tours/Paradise for Gourmets.d85878.delayed]
[5d9c5adb-a-62cb3a1a-s-sites.googlegroups.com/site/ieeeicme2014/chengdu-sightseeing-tours/Paradise for Gourmets5878.jpg]
[www.icme2014.org/_/rsrc/1390731778017/chengdu-sightseeing-tours/Paradise for Gourmetsfa18.jpg]
[www.icme2014.org/_/rsrc/1390731964707/chengdu-sightseeing-tours/Dujiangyand985.jpg]
[www.icme2014.org/_/rsrc/1390732165551/chengdu-sightseeing-tours/China Lanef737.jpg]
[www.icme2014.org/chengdu-sightseeing-tours.html]
[www.icme2014.org/_/rsrc/1398100934442/sponsors-and-grand-challenge-hosts/baiduc14e.png]
[www.icme2014.org/_/rsrc/1398101020617/sponsors-and-grand-challenge-hosts/Yahoo_Logo_Purple98b6.png]
[www.icme2014.org/_/rsrc/1398101199297/sponsors-and-grand-challenge-hosts/microsoft-logof190.png]
[www.icme2014.org/_/rsrc/1398101298184/sponsors-and-grand-challenge-hosts/800px-IBM_logo.svg1076.png]
[www.icme2014.org/_/rsrc/1398101731860/sponsors-and-grand-challenge-hosts/银晨科技LOGO300DPI2125.jpg]
[www.icme2014.org/_/rsrc/1398101839649/sponsors-and-grand-challenge-hosts/Tencent_Logo7ab7.png]
[www.icme2014.org/_/rsrc/1398101908540/sponsors-and-grand-challenge-hosts/HW_POS_RGB_Horizontalb096.jpg]
[www.icme2014.org/sponsors-and-grand-challenge-hosts.html]
[www.gstatic.com/sites/p/e65b43/system/js/jot_min__en.js]
[www.icme2014.org/system/app/pages/reportAbuse.html]
[www.icme2014.org/_/tz.html]
[www.icme2014.org/site/sites/system/app/images/icon_plusone.html]
[www.icme2014.org/site/sites/system/app/images/plusbadge.html]
[www.icme2014.org/keynotes/bio_zzhang.html]
[www.icme2014.org/hashing-large-scale-data-with-applications-to-cross-media-analysis/Dr. Wei Liu.e76fb5.delayed]
[www.icme2014.org/keynotes/CSI/index.html]
[5d9c5adb-a-62cb3a1a-s-sites.googlegroups.com/site/ieeeicme2014/hashing-large-scale-data-with-applications-to-cross-media-analysis/Dr. Wei Liu.e8a7e5.delayed]
[5d9c5adb-a-62cb3a1a-s-sites.googlegroups.com/site/ieeeicme2014/hashing-large-scale-data-with-applications-to-cross-media-analysis/Dr. Wei Liua7e5.png]
[www.icme2014.org/_/rsrc/1397707888306/hashing-large-scale-data-with-applications-to-cross-media-analysis/Dr. Wei Liu181f.png]
[www.icme2014.org/hashing-large-scale-data-with-applications-to-cross-media-analysis/Dr. Fei Wu.eb6fb5.delayed]
[5d9c5adb-a-62cb3a1a-s-sites.googlegroups.com/site/ieeeicme2014/hashing-large-scale-data-with-applications-to-cross-media-analysis/Dr. Fei Wu.eceb26.delayed]
[5d9c5adb-a-62cb3a1a-s-sites.googlegroups.com/site/ieeeicme2014/hashing-large-scale-data-with-applications-to-cross-media-analysis/Dr. Fei Wueb26.png]
[www.icme2014.org/_/rsrc/1397707888306/hashing-large-scale-data-with-applications-to-cross-media-analysis/Dr. Fei Wuf852.png]
[www.icme2014.org/hashing-large-scale-data-with-applications-to-cross-media-analysis.html]
[www.icme2014.org/deep-learning-in-image-and-video-understanding/Xiaogang Wang.ef6fb5.delayed]
[5d9c5adb-a-62cb3a1a-s-sites.googlegroups.com/site/ieeeicme2014/deep-learning-in-image-and-video-understanding/Xiaogang Wang.f093ba.delayed]
[5d9c5adb-a-62cb3a1a-s-sites.googlegroups.com/site/ieeeicme2014/deep-learning-in-image-and-video-understanding/Xiaogang Wang93ba.png]
[www.icme2014.org/_/rsrc/1397707948495/deep-learning-in-image-and-video-understanding/Xiaogang Wang.png]
[www.icme2014.org/deep-learning-in-image-and-video-understanding/Wangli, Ouyang.f36fb5.delayed]
[5d9c5adb-a-62cb3a1a-s-sites.googlegroups.com/site/ieeeicme2014/deep-learning-in-image-and-video-understanding/Wangli, Ouyang.f46b44.delayed]
[5d9c5adb-a-62cb3a1a-s-sites.googlegroups.com/site/ieeeicme2014/deep-learning-in-image-and-video-understanding/Wangli, Ouyang6b44.png]
[www.icme2014.org/_/rsrc/1397707948495/deep-learning-in-image-and-video-understanding/Wangli, Ouyang.png]
[www.icme2014.org/deep-learning-in-image-and-video-understanding.html]
[www.icme2014.org/social-multimedia-as-sensors/Jiebo Luo.f76fb5.delayed]
[5d9c5adb-a-62cb3a1a-s-sites.googlegroups.com/site/ieeeicme2014/social-multimedia-as-sensors/Jiebo Luo.f8ab4a.delayed]
[5d9c5adb-a-62cb3a1a-s-sites.googlegroups.com/site/ieeeicme2014/social-multimedia-as-sensors/Jiebo Luoab4a.png]
[sites.google.com/site/ieeeicme2014/_/rsrc/1397711274606/social-multimedia-as-sensors/Jiebo Luoa29e.png]
[www.icme2014.org/social-multimedia-as-sensors/Tao.fb6fb5.delayed]
[5d9c5adb-a-62cb3a1a-s-sites.googlegroups.com/site/ieeeicme2014/social-multimedia-as-sensors/Tao.fcb20c.delayed]
[5d9c5adb-a-62cb3a1a-s-sites.googlegroups.com/site/ieeeicme2014/social-multimedia-as-sensors/Taob20c.png]
[sites.google.com/site/ieeeicme2014/_/rsrc/1397711305619/social-multimedia-as-sensors/Tao15e9.png]
[www.icme2014.org/social-multimedia-from-data-mining-to-location-aware-systems/RogerZimmermann_Photo.ff6fb5.delayed]
[5d9c5adb-a-62cb3a1a-s-sites.googlegroups.com/site/ieeeicme2014/social-multimedia-from-data-mining-to-location-aware-systems/RogerZimmermann_Photo.100bf84.delayed]
[5d9c5adb-a-62cb3a1a-s-sites.googlegroups.com/site/ieeeicme2014/social-multimedia-from-data-mining-to-location-aware-systems/RogerZimmermann_Photobf84.jpg]
[sites.google.com/site/ieeeicme2014/_/rsrc/1398140299967/social-multimedia-from-data-mining-to-location-aware-systems/RogerZimmermann_Photo93a7.jpg]
[www.icme2014.org/social-multimedia-from-data-mining-to-location-aware-systems/YiYu_Photo.1036fb5.delayed]
[5d9c5adb-a-62cb3a1a-s-sites.googlegroups.com/site/ieeeicme2014/social-multimedia-from-data-mining-to-location-aware-systems/YiYu_Photo.1041b1e.delayed]
[5d9c5adb-a-62cb3a1a-s-sites.googlegroups.com/site/ieeeicme2014/social-multimedia-from-data-mining-to-location-aware-systems/YiYu_Photo1b1e.jpg]
[sites.google.com/site/ieeeicme2014/_/rsrc/1398140331284/social-multimedia-from-data-mining-to-location-aware-systems/YiYu_Photo93a7.jpg]
[www.icme2014.org/social-and-geographic-aware-multimedia-applications-and-technologies.html]
[www.icme2014.org/learning-based-feature-extraction-for-social-media-analysis/Xudong Jiang.1076fb5.delayed]
[5d9c5adb-a-62cb3a1a-s-sites.googlegroups.com/site/ieeeicme2014/learning-based-feature-extraction-for-social-media-analysis/Xudong Jiang.108d6f7.delayed]
[5d9c5adb-a-62cb3a1a-s-sites.googlegroups.com/site/ieeeicme2014/learning-based-feature-extraction-for-social-media-analysis/Xudong Jiangd6f7.png]
[www.icme2014.org/_/rsrc/1397708339760/learning-based-feature-extraction-for-social-media-analysis/Xudong Jiangf591.png]
[www.icme2014.org/learning-based-feature-extraction-for-social-media-analysis/Jiwen Lu.10b6fb5.delayed]
[5d9c5adb-a-62cb3a1a-s-sites.googlegroups.com/site/ieeeicme2014/learning-based-feature-extraction-for-social-media-analysis/Jiwen Lu.10c4ab5.delayed]
[5d9c5adb-a-62cb3a1a-s-sites.googlegroups.com/site/ieeeicme2014/learning-based-feature-extraction-for-social-media-analysis/Jiwen Lu4ab5.png]
[www.icme2014.org/_/rsrc/1397708392071/learning-based-feature-extraction-for-social-media-analysis/Jiwen Lubb64.png]
[www.icme2014.org/learning-based-feature-extraction-for-social-media-analysis/Weihong Deng.10f6fb5.delayed]
[5d9c5adb-a-62cb3a1a-s-sites.googlegroups.com/site/ieeeicme2014/learning-based-feature-extraction-for-social-media-analysis/Weihong Deng.110c011.delayed]
[5d9c5adb-a-62cb3a1a-s-sites.googlegroups.com/site/ieeeicme2014/learning-based-feature-extraction-for-social-media-analysis/Weihong Dengc011.png]
[www.icme2014.org/_/rsrc/1397708415391/learning-based-feature-extraction-for-social-media-analysis/Weihong Deng9862.png]
[www.icme2014.org/learning-based-feature-extraction-for-social-media-analysis.html]
[www.icme2014.org/a-tutorial-on-nonnegative-matrix-factorisation-with-applications-to-audiovisual-content-analysis/Slim Essid.1136fb5.delayed]
[5d9c5adb-a-62cb3a1a-s-sites.googlegroups.com/site/ieeeicme2014/a-tutorial-on-nonnegative-matrix-factorisation-with-applications-to-audiovisual-content-analysis/Slim Essid.1147d47.delayed]
[5d9c5adb-a-62cb3a1a-s-sites.googlegroups.com/site/ieeeicme2014/a-tutorial-on-nonnegative-matrix-factorisation-with-applications-to-audiovisual-content-analysis/Slim Essid7d47.png]
[www.icme2014.org/_/rsrc/1397711449882/a-tutorial-on-nonnegative-matrix-factorisation-with-applications-to-audiovisual-content-analysis/Slim Essid.png]
[www.icme2014.org/a-tutorial-on-nonnegative-matrix-factorisation-with-applications-to-audiovisual-content-analysis/Alexey OZEROV.1176fb5.delayed]
[5d9c5adb-a-62cb3a1a-s-sites.googlegroups.com/site/ieeeicme2014/a-tutorial-on-nonnegative-matrix-factorisation-with-applications-to-audiovisual-content-analysis/Alexey OZEROV.11841d5.delayed]
[5d9c5adb-a-62cb3a1a-s-sites.googlegroups.com/site/ieeeicme2014/a-tutorial-on-nonnegative-matrix-factorisation-with-applications-to-audiovisual-content-analysis/Alexey OZEROV41d5.png]
[www.icme2014.org/_/rsrc/1397711497047/a-tutorial-on-nonnegative-matrix-factorisation-with-applications-to-audiovisual-content-analysis/Alexey OZEROV5170.png]
[www.icme2014.org/a-tutorial-on-nonnegative-matrix-factorisation-with-applications-to-audiovisual-content-analysis.html]
[www.icme2014.org/a-tutorial-on-online-learning-methods-for-multimedia-big-data-analytics/Dr. Steven C.H. Hoi.11b6fb5.delayed]
[5d9c5adb-a-62cb3a1a-s-sites.googlegroups.com/site/ieeeicme2014/a-tutorial-on-online-learning-methods-for-multimedia-big-data-analytics/Dr. Steven C.H. Hoi.11c993e.delayed]
[5d9c5adb-a-62cb3a1a-s-sites.googlegroups.com/site/ieeeicme2014/a-tutorial-on-online-learning-methods-for-multimedia-big-data-analytics/Dr. Steven C.H. Hoi993e.png]
[www.icme2014.org/_/rsrc/1397710787458/a-tutorial-on-online-learning-methods-for-multimedia-big-data-analytics/Dr. Steven C.H. Hoi474f.png]
[www.icme2014.org/a-tutorial-on-online-learning-methods-for-multimedia-big-data-analytics.html]
[www.icme2014.org/_/rsrc/1401942180000/system/app/images/spinner.gif]
[www.icme2014.org/_/rsrc/1401942180000/system/app/css/camelot/dashboard.css]
[www.icme2014.org/_/rsrc/1401942180000/system/app/css/camelot/error.css]
[www.icme2014.org/keynotes/CSI/index.html]
[docs.google.com/images/env.html]
